// Jest Snapshot v1, https://goo.gl/fbAQLP

exports[`All Networks matches snapshot 1`] = `
.emotion-0 {
  padding: 0;
  overflow: visible;
}

.emotion-1 {
  margin-left: auto;
  margin-right: auto;
  max-width: 1024px;
}

.emotion-2 {
  display: -webkit-box;
  display: -webkit-flex;
  display: -ms-flexbox;
  display: flex;
  -webkit-box-flex-flow: row wrap;
  -webkit-flex-flow: row wrap;
  -ms-flex-flow: row wrap;
  flex-flow: row wrap;
  -webkit-box-pack: justify;
  -webkit-justify-content: space-between;
  justify-content: space-between;
  -webkit-align-items: center;
  -webkit-box-align: center;
  -ms-flex-align: center;
  align-items: center;
  padding: 0 24px 16px 24px;
}

@media (min-width:768px) {
  .emotion-2 {
    padding: 0 0 16px 0;
  }
}

.emotion-2 .MuiTypography-root {
  display: inline-block;
  font-size: 1.5rem;
  padding: 24px 0;
  text-align: center;
  width: 100%;
}

@media (min-width:768px) {
  .emotion-2 .MuiTypography-root {
    width: auto;
    display: block;
  }
}

.emotion-2>.MuiBox-root {
  width: 100%;
  padding: 0 0 16px 0;
}

@media (min-width:768px) {
  .emotion-2>.MuiBox-root {
    -webkit-order: 2;
    -ms-flex-order: 2;
    order: 2;
  }
}

.emotion-3 {
  margin: 0;
  font-size: 1.5rem;
  font-weight: 600;
  font-family: SFPro,Arial,sans-serif;
  line-height: 1.167;
}

.emotion-5 {
  margin: 0;
  font-size: 1rem;
  white-space: pre-wrap;
  font-family: SFPro,Arial,sans-serif;
  font-weight: 400;
  line-height: 1.5;
  font-size: 0.8rem;
  text-align: center;
  padding: 0 0 16px 0;
}

@media (min-width:768px) {
  .emotion-5 {
    text-align: left;
    font-size: 0.9rem;
  }
}

.emotion-6 {
  padding: 0 8px;
}

.emotion-7 {
  display: inline-block;
  padding: 8px;
  color: #FFFFFF;
}

@media (min-width:768px) {
  .emotion-7 {
    padding: 8px 16px;
  }
}

.emotion-7.active {
  color: #F6504B;
  border-bottom: 2px solid #F6504B;
}

.emotion-12 {
  width: 100%;
}

.emotion-12.Mui-focused .MuiAutocomplete-clearIndicator {
  visibility: visible;
}

@media (pointer: fine) {
  .emotion-12:hover .MuiAutocomplete-clearIndicator {
    visibility: visible;
  }
}

.emotion-12 .MuiAutocomplete-tag {
  margin: 3px;
  max-width: calc(100% - 6px);
}

.emotion-12 .MuiAutocomplete-inputRoot {
  -webkit-box-flex-wrap: wrap;
  -webkit-flex-wrap: wrap;
  -ms-flex-wrap: wrap;
  flex-wrap: wrap;
}

.MuiAutocomplete-hasPopupIcon.emotion-12 .MuiAutocomplete-inputRoot,
.MuiAutocomplete-hasClearIcon.emotion-12 .MuiAutocomplete-inputRoot {
  padding-right: 30px;
}

.MuiAutocomplete-hasPopupIcon.MuiAutocomplete-hasClearIcon.emotion-12 .MuiAutocomplete-inputRoot {
  padding-right: 56px;
}

.emotion-12 .MuiAutocomplete-inputRoot .MuiAutocomplete-input {
  width: 0;
  min-width: 30px;
}

.emotion-12 .MuiInput-root {
  padding-bottom: 1px;
}

.emotion-12 .MuiInput-root .MuiInput-input {
  padding: 4px 4px 4px 0px;
}

.emotion-12 .MuiInput-root.MuiInputBase-sizeSmall .MuiInput-input {
  padding: 2px 4px 3px 0;
}

.emotion-12 .MuiOutlinedInput-root {
  padding: 9px;
}

.MuiAutocomplete-hasPopupIcon.emotion-12 .MuiOutlinedInput-root,
.MuiAutocomplete-hasClearIcon.emotion-12 .MuiOutlinedInput-root {
  padding-right: 39px;
}

.MuiAutocomplete-hasPopupIcon.MuiAutocomplete-hasClearIcon.emotion-12 .MuiOutlinedInput-root {
  padding-right: 65px;
}

.emotion-12 .MuiOutlinedInput-root .MuiAutocomplete-input {
  padding: 7.5px 4px 7.5px 6px;
}

.emotion-12 .MuiOutlinedInput-root .MuiAutocomplete-endAdornment {
  right: 9px;
}

.emotion-12 .MuiOutlinedInput-root.MuiInputBase-sizeSmall {
  padding: 6px;
}

.emotion-12 .MuiOutlinedInput-root.MuiInputBase-sizeSmall .MuiAutocomplete-input {
  padding: 2.5px 4px 2.5px 6px;
}

.emotion-12 .MuiFilledInput-root {
  padding-top: 19px;
  padding-left: 8px;
}

.MuiAutocomplete-hasPopupIcon.emotion-12 .MuiFilledInput-root,
.MuiAutocomplete-hasClearIcon.emotion-12 .MuiFilledInput-root {
  padding-right: 39px;
}

.MuiAutocomplete-hasPopupIcon.MuiAutocomplete-hasClearIcon.emotion-12 .MuiFilledInput-root {
  padding-right: 65px;
}

.emotion-12 .MuiFilledInput-root .MuiFilledInput-input {
  padding: 7px 4px;
}

.emotion-12 .MuiFilledInput-root .MuiAutocomplete-endAdornment {
  right: 9px;
}

.emotion-12 .MuiFilledInput-root.MuiInputBase-sizeSmall {
  padding-bottom: 1px;
}

.emotion-12 .MuiFilledInput-root.MuiInputBase-sizeSmall .MuiFilledInput-input {
  padding: 2.5px 4px;
}

.emotion-12 .MuiInputBase-hiddenLabel {
  padding-top: 8px;
}

.emotion-12 .MuiAutocomplete-input {
  -webkit-box-flex: 1;
  -webkit-flex-grow: 1;
  -ms-flex-positive: 1;
  flex-grow: 1;
  text-overflow: ellipsis;
  opacity: 1;
}

@media (min-width:768px) {
  .emotion-12 {
    width: 320px;
    min-width: 320px;
  }
}

.emotion-12 .MuiInputBase-root {
  border-radius: 16px;
  padding-right: 16px!important;
}

.emotion-13 {
  display: -webkit-inline-box;
  display: -webkit-inline-flex;
  display: -ms-inline-flexbox;
  display: inline-flex;
  -webkit-flex-direction: column;
  -ms-flex-direction: column;
  flex-direction: column;
  position: relative;
  min-width: 0;
  padding: 0;
  margin: 0;
  border: 0;
  vertical-align: top;
  width: 100%;
}

.emotion-14 {
  font-size: 1rem;
  white-space: pre-wrap;
  font-family: SFPro,Arial,sans-serif;
  font-weight: 400;
  line-height: 1.4375em;
  color: #EFEFEF;
  box-sizing: border-box;
  position: relative;
  cursor: text;
  display: -webkit-inline-box;
  display: -webkit-inline-flex;
  display: -ms-inline-flexbox;
  display: inline-flex;
  -webkit-align-items: center;
  -webkit-box-align: center;
  -ms-flex-align: center;
  align-items: center;
  width: 100%;
  position: relative;
  border-radius: 4px;
  padding-left: 14px;
  padding-right: 14px;
}

.emotion-14.Mui-disabled {
  color: rgba(255, 255, 255, 0.5);
  cursor: default;
}

.emotion-14:hover .MuiOutlinedInput-notchedOutline {
  border-color: #EFEFEF;
}

@media (hover: none) {
  .emotion-14:hover .MuiOutlinedInput-notchedOutline {
    border-color: rgba(255, 255, 255, 0.23);
  }
}

.emotion-14.Mui-focused .MuiOutlinedInput-notchedOutline {
  border-color: #90caf9;
  border-width: 2px;
}

.emotion-14.Mui-error .MuiOutlinedInput-notchedOutline {
  border-color: #f44336;
}

.emotion-14.Mui-disabled .MuiOutlinedInput-notchedOutline {
  border-color: rgba(255, 255, 255, 0.3);
}

.emotion-15 {
  display: -webkit-box;
  display: -webkit-flex;
  display: -ms-flexbox;
  display: flex;
  height: 0.01em;
  max-height: 2em;
  -webkit-align-items: center;
  -webkit-box-align: center;
  -ms-flex-align: center;
  align-items: center;
  white-space: nowrap;
  color: #fff;
  margin-right: 8px;
}

.emotion-16 {
  -webkit-user-select: none;
  -moz-user-select: none;
  -ms-user-select: none;
  user-select: none;
  width: 1em;
  height: 1em;
  display: inline-block;
  fill: currentColor;
  -webkit-flex-shrink: 0;
  -ms-flex-negative: 0;
  flex-shrink: 0;
  -webkit-transition: fill 200ms cubic-bezier(0.4, 0, 0.2, 1) 0ms;
  transition: fill 200ms cubic-bezier(0.4, 0, 0.2, 1) 0ms;
  font-size: 1.5rem;
}

.emotion-17 {
  font: inherit;
  letter-spacing: inherit;
  color: currentColor;
  padding: 4px 0 5px;
  border: 0;
  box-sizing: content-box;
  background: none;
  height: 1.4375em;
  margin: 0;
  -webkit-tap-highlight-color: transparent;
  display: block;
  min-width: 0;
  width: 100%;
  -webkit-animation-name: mui-auto-fill-cancel;
  animation-name: mui-auto-fill-cancel;
  -webkit-animation-duration: 10ms;
  animation-duration: 10ms;
  padding: 16.5px 14px;
  padding-left: 0;
  padding-right: 0;
}

.emotion-17::-webkit-input-placeholder {
  color: currentColor;
  opacity: 0.5;
  -webkit-transition: opacity 200ms cubic-bezier(0.4, 0, 0.2, 1) 0ms;
  transition: opacity 200ms cubic-bezier(0.4, 0, 0.2, 1) 0ms;
}

.emotion-17::-moz-placeholder {
  color: currentColor;
  opacity: 0.5;
  -webkit-transition: opacity 200ms cubic-bezier(0.4, 0, 0.2, 1) 0ms;
  transition: opacity 200ms cubic-bezier(0.4, 0, 0.2, 1) 0ms;
}

.emotion-17:-ms-input-placeholder {
  color: currentColor;
  opacity: 0.5;
  -webkit-transition: opacity 200ms cubic-bezier(0.4, 0, 0.2, 1) 0ms;
  transition: opacity 200ms cubic-bezier(0.4, 0, 0.2, 1) 0ms;
}

.emotion-17::-ms-input-placeholder {
  color: currentColor;
  opacity: 0.5;
  -webkit-transition: opacity 200ms cubic-bezier(0.4, 0, 0.2, 1) 0ms;
  transition: opacity 200ms cubic-bezier(0.4, 0, 0.2, 1) 0ms;
}

.emotion-17:focus {
  outline: 0;
}

.emotion-17:invalid {
  box-shadow: none;
}

.emotion-17::-webkit-search-decoration {
  -webkit-appearance: none;
}

label[data-shrink=false]+.MuiInputBase-formControl .emotion-17::-webkit-input-placeholder {
  opacity: 0!important;
}

label[data-shrink=false]+.MuiInputBase-formControl .emotion-17::-moz-placeholder {
  opacity: 0!important;
}

label[data-shrink=false]+.MuiInputBase-formControl .emotion-17:-ms-input-placeholder {
  opacity: 0!important;
}

label[data-shrink=false]+.MuiInputBase-formControl .emotion-17::-ms-input-placeholder {
  opacity: 0!important;
}

label[data-shrink=false]+.MuiInputBase-formControl .emotion-17:focus::-webkit-input-placeholder {
  opacity: 0.5;
}

label[data-shrink=false]+.MuiInputBase-formControl .emotion-17:focus::-moz-placeholder {
  opacity: 0.5;
}

label[data-shrink=false]+.MuiInputBase-formControl .emotion-17:focus:-ms-input-placeholder {
  opacity: 0.5;
}

label[data-shrink=false]+.MuiInputBase-formControl .emotion-17:focus::-ms-input-placeholder {
  opacity: 0.5;
}

.emotion-17.Mui-disabled {
  opacity: 1;
  -webkit-text-fill-color: rgba(255, 255, 255, 0.5);
}

.emotion-17:-webkit-autofill {
  -webkit-animation-duration: 5000s;
  animation-duration: 5000s;
  -webkit-animation-name: mui-auto-fill;
  animation-name: mui-auto-fill;
}

.emotion-17:-webkit-autofill {
  -webkit-box-shadow: 0 0 0 100px #266798 inset;
  -webkit-text-fill-color: #fff;
  caret-color: #fff;
  border-radius: inherit;
}

.emotion-18 {
  position: absolute;
  right: 0;
  top: calc(50% - 14px);
}

.emotion-19 {
  display: -webkit-inline-box;
  display: -webkit-inline-flex;
  display: -ms-inline-flexbox;
  display: inline-flex;
  -webkit-align-items: center;
  -webkit-box-align: center;
  -ms-flex-align: center;
  align-items: center;
  -webkit-box-pack: center;
  -ms-flex-pack: center;
  -webkit-justify-content: center;
  justify-content: center;
  position: relative;
  box-sizing: border-box;
  -webkit-tap-highlight-color: transparent;
  background-color: transparent;
  outline: 0;
  border: 0;
  margin: 0;
  border-radius: 0;
  padding: 0;
  cursor: pointer;
  -webkit-user-select: none;
  -moz-user-select: none;
  -ms-user-select: none;
  user-select: none;
  vertical-align: middle;
  -moz-appearance: none;
  -webkit-appearance: none;
  -webkit-text-decoration: none;
  text-decoration: none;
  color: inherit;
  text-align: center;
  -webkit-flex: 0 0 auto;
  -ms-flex: 0 0 auto;
  flex: 0 0 auto;
  font-size: 1.5rem;
  padding: 8px;
  border-radius: 50%;
  overflow: visible;
  color: #fff;
  -webkit-transition: background-color 150ms cubic-bezier(0.4, 0, 0.2, 1) 0ms;
  transition: background-color 150ms cubic-bezier(0.4, 0, 0.2, 1) 0ms;
  padding: 2px;
  margin-right: -2px;
}

.emotion-19::-moz-focus-inner {
  border-style: none;
}

.emotion-19.Mui-disabled {
  pointer-events: none;
  cursor: default;
}

@media print {
  .emotion-19 {
    -webkit-print-color-adjust: exact;
    color-adjust: exact;
  }
}

.emotion-19:hover {
  background-color: rgba(255, 255, 255, 0.08);
}

@media (hover: none) {
  .emotion-19:hover {
    background-color: transparent;
  }
}

.emotion-19.Mui-disabled {
  background-color: transparent;
  color: rgba(255, 255, 255, 0.3);
}

.emotion-20 {
  overflow: hidden;
  pointer-events: none;
  position: absolute;
  z-index: 0;
  top: 0;
  right: 0;
  bottom: 0;
  left: 0;
  border-radius: inherit;
}

.emotion-21 {
  text-align: left;
  position: absolute;
  bottom: 0;
  right: 0;
  top: -5px;
  left: 0;
  margin: 0;
  padding: 0 8px;
  pointer-events: none;
  border-radius: inherit;
  border-style: solid;
  border-width: 1px;
  overflow: hidden;
  min-width: 0%;
  border-color: rgba(255, 255, 255, 0.23);
}

.emotion-22 {
  float: unset;
  overflow: hidden;
  padding: 0;
  line-height: 11px;
  -webkit-transition: width 150ms cubic-bezier(0.0, 0, 0.2, 1) 0ms;
  transition: width 150ms cubic-bezier(0.0, 0, 0.2, 1) 0ms;
}

.emotion-23 {
  padding: 24px 24px 160px 24px;
  display: grid;
  grid-template-columns: repeat(auto-fill, minmax(224px, 1fr));
  -webkit-box-pack: justify;
  -webkit-justify-content: space-between;
  justify-content: space-between;
  grid-gap: 8px;
}

@media (min-width:768px) {
  .emotion-23 {
    padding: 0 0 160px 0;
    grid-gap: 24px;
    grid-template-columns: repeat(auto-fill, minmax(256px, 1fr));
  }
}

.emotion-24 {
  min-width: 224px;
  min-height: 80px;
  border-radius: 16px;
  background: #bdbdbd;
  border: 2px solid #EFEFEF;
  display: -webkit-inline-box;
  display: -webkit-inline-flex;
  display: -ms-inline-flexbox;
  display: inline-flex;
  -webkit-box-pack: center;
  -ms-flex-pack: center;
  -webkit-justify-content: center;
  justify-content: center;
  -webkit-box-flex-flow: row wrap;
  -webkit-flex-flow: row wrap;
  -ms-flex-flow: row wrap;
  flex-flow: row wrap;
  -webkit-align-items: center;
  -webkit-box-align: center;
  -ms-flex-align: center;
  align-items: center;
  text-align: center;
  cursor: pointer;
  position: relative;
}

@media (min-width:768px) {
  .emotion-24 {
    min-width: 256px;
  }
}

.emotion-24:hover,
.emotion-24.active {
  background: #eeeeee;
}

.emotion-25 {
  color: rgba(0, 0, 0, 0.87);
  font-size: 0.75rem;
  display: -webkit-box;
  display: -webkit-flex;
  display: -ms-flexbox;
  display: flex;
  width: 100%;
  height: 100%;
  -webkit-box-pack: start;
  -ms-flex-pack: start;
  -webkit-justify-content: flex-start;
  justify-content: flex-start;
  -webkit-align-items: center;
  -webkit-box-align: center;
  -ms-flex-align: center;
  align-items: center;
  -webkit-box-flex-flow: row unwrap;
  -webkit-flex-flow: row unwrap;
  -ms-flex-flow: row unwrap;
  flex-flow: row unwrap;
  padding: 0 24px;
  gap: 16px;
  text-align: left;
  cursor: pointer;
}

.emotion-25 .MuiBox-root {
  -webkit-flex: 1 1 auto;
  -ms-flex: 1 1 auto;
  flex: 1 1 auto;
}

.emotion-25 img {
  min-width: 40px;
  min-height: 40px;
}

.emotion-25 .MuiTypography-root {
  font-weight: 900;
}

.emotion-25 .MuiBadge-badge {
  -webkit-transform: scale(1) translate(1.5rem, -0.1rem);
  -moz-transform: scale(1) translate(1.5rem, -0.1rem);
  -ms-transform: scale(1) translate(1.5rem, -0.1rem);
  transform: scale(1) translate(1.5rem, -0.1rem);
}

.emotion-27 {
  margin: 0;
  font-size: 1rem;
  white-space: pre-wrap;
  font-family: SFPro,Arial,sans-serif;
  font-weight: 400;
  line-height: 1.5;
}

.emotion-29 {
  position: relative;
  display: -webkit-inline-box;
  display: -webkit-inline-flex;
  display: -ms-inline-flexbox;
  display: inline-flex;
  vertical-align: middle;
  -webkit-flex-shrink: 0;
  -ms-flex-negative: 0;
  flex-shrink: 0;
}

.emotion-30 {
  display: -webkit-box;
  display: -webkit-flex;
  display: -ms-flexbox;
  display: flex;
  -webkit-flex-direction: row;
  -ms-flex-direction: row;
  flex-direction: row;
  -webkit-box-flex-wrap: wrap;
  -webkit-flex-wrap: wrap;
  -ms-flex-wrap: wrap;
  flex-wrap: wrap;
  -webkit-box-pack: center;
  -ms-flex-pack: center;
  -webkit-justify-content: center;
  justify-content: center;
  -webkit-align-content: center;
  -ms-flex-line-pack: center;
  align-content: center;
  -webkit-align-items: center;
  -webkit-box-align: center;
  -ms-flex-align: center;
  align-items: center;
  position: absolute;
  box-sizing: border-box;
  font-family: SFPro,Arial,sans-serif;
  font-weight: 500;
  font-size: 0.75rem;
  min-width: 20px;
  line-height: 1;
  padding: 0 6px;
  height: 20px;
  border-radius: 10px;
  z-index: 1;
  -webkit-transition: -webkit-transform 225ms cubic-bezier(0.4, 0, 0.2, 1) 0ms;
  transition: transform 225ms cubic-bezier(0.4, 0, 0.2, 1) 0ms;
  background-color: #F6504B;
  color: #FFFFFF;
  top: 0;
  right: 0;
  -webkit-transform: scale(1) translate(50%, -50%);
  -moz-transform: scale(1) translate(50%, -50%);
  -ms-transform: scale(1) translate(50%, -50%);
  transform: scale(1) translate(50%, -50%);
  transform-origin: 100% 0%;
}

.emotion-30.MuiBadge-invisible {
  -webkit-transform: scale(0) translate(50%, -50%);
  -moz-transform: scale(0) translate(50%, -50%);
  -ms-transform: scale(0) translate(50%, -50%);
  transform: scale(0) translate(50%, -50%);
}

.emotion-32 {
  padding: 48px;
  text-align: center;
}

.emotion-33 {
  display: -webkit-inline-box;
  display: -webkit-inline-flex;
  display: -ms-inline-flexbox;
  display: inline-flex;
  -webkit-align-items: center;
  -webkit-box-align: center;
  -ms-flex-align: center;
  align-items: center;
  -webkit-box-pack: center;
  -ms-flex-pack: center;
  -webkit-justify-content: center;
  justify-content: center;
  position: relative;
  box-sizing: border-box;
  -webkit-tap-highlight-color: transparent;
  background-color: transparent;
  outline: 0;
  border: 0;
  margin: 0;
  border-radius: 0;
  padding: 0;
  cursor: pointer;
  -webkit-user-select: none;
  -moz-user-select: none;
  -ms-user-select: none;
  user-select: none;
  vertical-align: middle;
  -moz-appearance: none;
  -webkit-appearance: none;
  -webkit-text-decoration: none;
  text-decoration: none;
  color: inherit;
  font-size: 1rem;
  text-transform: none;
  font-weight: 600;
  font-family: SFPro,Arial,sans-serif;
  line-height: 1.75;
  min-height: 36px;
  -webkit-transition: background-color 250ms cubic-bezier(0.4, 0, 0.2, 1) 0ms,box-shadow 250ms cubic-bezier(0.4, 0, 0.2, 1) 0ms,border-color 250ms cubic-bezier(0.4, 0, 0.2, 1) 0ms;
  transition: background-color 250ms cubic-bezier(0.4, 0, 0.2, 1) 0ms,box-shadow 250ms cubic-bezier(0.4, 0, 0.2, 1) 0ms,border-color 250ms cubic-bezier(0.4, 0, 0.2, 1) 0ms;
  border-radius: 50%;
  padding: 0;
  min-width: 0;
  width: 56px;
  height: 56px;
  z-index: 1050;
  box-shadow: 0px 3px 5px -1px rgba(0,0,0,0.2),0px 6px 10px 0px rgba(0,0,0,0.14),0px 1px 18px 0px rgba(0,0,0,0.12);
  color: rgba(0, 0, 0, 0.87);
  background-color: #e0e0e0;
  width: 32px;
  height: 32px;
  background: rgba(255,255,255,0.2);
  border: 1px solid #EFEFEF;
  color: #EFEFEF;
}

.emotion-33::-moz-focus-inner {
  border-style: none;
}

.emotion-33.Mui-disabled {
  pointer-events: none;
  cursor: default;
}

@media print {
  .emotion-33 {
    -webkit-print-color-adjust: exact;
    color-adjust: exact;
  }
}

.emotion-33:active {
  box-shadow: 0px 7px 8px -4px rgba(0,0,0,0.2),0px 12px 17px 2px rgba(0,0,0,0.14),0px 5px 22px 4px rgba(0,0,0,0.12);
}

.emotion-33:hover {
  background-color: #f5f5f5;
  -webkit-text-decoration: none;
  text-decoration: none;
}

@media (hover: none) {
  .emotion-33:hover {
    background-color: #e0e0e0;
  }
}

.emotion-33.Mui-focusVisible {
  box-shadow: 0px 3px 5px -1px rgba(0,0,0,0.2),0px 6px 10px 0px rgba(0,0,0,0.14),0px 1px 18px 0px rgba(0,0,0,0.12);
}

.emotion-33.Mui-disabled {
  color: rgba(255, 255, 255, 0.3);
  box-shadow: none;
  background-color: rgba(255, 255, 255, 0.12);
}

<div>
  <div
    data-testid="Layout"
  >
    <div
      class="emotion-0"
      data-testid="SectionBox"
    >
      <div
        class="emotion-1"
      >
        <div
          class="MuiBox-root emotion-2"
        >
          <h3
            class="MuiTypography-root MuiTypography-h3 emotion-3"
          >
            allNetworks
          </h3>
          <div
            class="MuiBox-root emotion-4"
          >
            <p
              class="MuiTypography-root MuiTypography-body1 emotion-5"
            >
              all-networks:allNetworksDescription
            </p>
            <div
              class="MuiBox-root emotion-6"
            >
              <a
                class="active emotion-7"
                href="/all-networks"
              >
                All
              </a>
              <a
                class=" emotion-7"
                href="/all-networks#tab=Mainnet"
              >
                Mainnet
              </a>
              <a
                class=" emotion-7"
                href="/all-networks#tab=Testnet"
              >
                Testnet
              </a>
              <a
                class=" emotion-7"
                href="/all-networks#tab=Devnet"
              >
                Devnet
              </a>
              <a
                class=" emotion-7"
                href="/all-networks#tab=Retired"
              >
                Retired
              </a>
            </div>
          </div>
          <div
            class="MuiAutocomplete-root MuiAutocomplete-hasPopupIcon emotion-12"
          >
            <div
              class="MuiFormControl-root MuiFormControl-fullWidth MuiTextField-root emotion-13"
            >
              <div
                class="MuiInputBase-root MuiOutlinedInput-root MuiInputBase-colorPrimary MuiInputBase-fullWidth MuiInputBase-formControl MuiInputBase-adornedStart MuiInputBase-adornedEnd MuiAutocomplete-inputRoot emotion-14"
              >
                <div
                  class="MuiInputAdornment-root MuiInputAdornment-positionStart MuiInputAdornment-outlined MuiInputAdornment-sizeMedium emotion-15"
                >
                  <span
                    class="notranslate"
                  >
                    ​
                  </span>
                  <svg
                    aria-hidden="true"
                    class="MuiSvgIcon-root MuiSvgIcon-fontSizeMedium emotion-16"
                    data-testid="SearchIcon"
                    focusable="false"
                    viewBox="0 0 24 24"
                  >
                    <path
                      d="M15.5 14h-.79l-.28-.27C15.41 12.59 16 11.11 16 9.5 16 5.91 13.09 3 9.5 3S3 5.91 3 9.5 5.91 16 9.5 16c1.61 0 3.09-.59 4.23-1.57l.27.28v.79l5 4.99L20.49 19l-4.99-5zm-6 0C7.01 14 5 11.99 5 9.5S7.01 5 9.5 5 14 7.01 14 9.5 11.99 14 9.5 14z"
                    />
                  </svg>
                </div>
                <input
                  aria-autocomplete="list"
                  aria-expanded="false"
                  aria-invalid="false"
                  autocapitalize="none"
                  autocomplete="off"
                  class="MuiInputBase-input MuiOutlinedInput-input MuiInputBase-inputAdornedStart MuiInputBase-inputAdornedEnd MuiAutocomplete-input MuiAutocomplete-inputFocused emotion-17"
                  id=":r0:"
                  placeholder="searchNetwork"
                  role="combobox"
                  spellcheck="false"
                  type="text"
                  value=""
                />
                <div
                  class="MuiAutocomplete-endAdornment emotion-18"
                >
                  <button
                    aria-label="Open"
                    class="MuiButtonBase-root MuiIconButton-root MuiIconButton-sizeMedium MuiAutocomplete-popupIndicator emotion-19"
                    tabindex="-1"
                    title="Open"
                    type="button"
                  >
                    <span
                      class="MuiTouchRipple-root emotion-20"
                    />
                  </button>
                </div>
                <fieldset
                  aria-hidden="true"
                  class="MuiOutlinedInput-notchedOutline emotion-21"
                >
                  <legend
                    class="emotion-22"
                  >
                    <span
                      class="notranslate"
                    >
                      ​
                    </span>
                  </legend>
                </fieldset>
              </div>
            </div>
          </div>
        </div>
        <div
          class="MuiBox-root emotion-23"
        >
          <div
            class=" MuiBox-root emotion-24"
          >
            <div
              class="MuiBox-root emotion-25"
            >
              <img
                alt="Cosmos Hub"
                height="30"
                src="https://raw.githubusercontent.com/forbole/big-dipper-networks/main/logos/cosmoshub.svg?sanitize=true"
                width="30"
              />
              <div
                class="MuiBox-root emotion-4"
              >
                <p
                  class="MuiTypography-root MuiTypography-body1 emotion-27"
                >
                  Cosmos Hub
                </p>
                <div
                  class="MuiBox-root emotion-4"
                >
                  <span
                    class="MuiBadge-root BaseBadge-root emotion-29"
                  >
                    cosmoshub-4
                    <span
                      class="MuiBadge-badge MuiBadge-standard MuiBadge-anchorOriginTopRight MuiBadge-anchorOriginTopRightRectangular MuiBadge-overlapRectangular MuiBadge-colorSecondary BaseBadge-badge emotion-30"
                    >
                      5
                    </span>
                  </span>
                </div>
              </div>
              <svg
                aria-hidden="true"
                class="MuiSvgIcon-root MuiSvgIcon-fontSizeMedium emotion-16"
                data-testid="KeyboardArrowDownIcon"
                focusable="false"
                height="16"
                viewBox="0 0 24 24"
                width="16"
              >
                <path
                  d="M7.41 8.59 12 13.17l4.59-4.58L18 10l-6 6-6-6 1.41-1.41z"
                />
              </svg>
            </div>
          </div>
        </div>
        <div
          class="MuiBox-root emotion-32"
        >
          <button
            class="MuiButtonBase-root MuiFab-root MuiFab-circular MuiFab-sizeLarge MuiFab-default emotion-33"
            tabindex="0"
            type="button"
          >
            <svg
              aria-hidden="true"
              class="MuiSvgIcon-root MuiSvgIcon-fontSizeMedium emotion-16"
              data-testid="KeyboardArrowUpIcon"
              focusable="false"
              height="36"
              viewBox="0 0 24 24"
              width="36"
            >
              <path
                d="M7.41 15.41 12 10.83l4.59 4.58L18 14l-6-6-6 6z"
              />
            </svg>
            <span
              class="MuiTouchRipple-root emotion-20"
            />
          </button>
        </div>
      </div>
    </div>
  </div>
</div>
`;
