// Jest Snapshot v1, https://goo.gl/fbAQLP

exports[`Layout matches snapshot 1`] = `
.emotion-0 {
  display: -webkit-box;
  display: -webkit-flex;
  display: -ms-flexbox;
  display: flex;
  -webkit-flex-direction: column;
  -ms-flex-direction: column;
  flex-direction: column;
  min-height: 100vh;
}

.emotion-1 {
  background: url(../../../public/images/background/footer.svg);
  background-repeat: no-repeat;
  -webkit-background-position: 50% 100%;
  background-position: 50% 100%;
  -webkit-background-size: 100vw auto;
  background-size: 100vw auto;
  min-height: 100vh;
  display: -webkit-box;
  display: -webkit-flex;
  display: -ms-flexbox;
  display: flex;
  -webkit-box-flex-flow: column nowrap;
  -webkit-flex-flow: column nowrap;
  -ms-flex-flow: column nowrap;
  flex-flow: column nowrap;
}

@media (min-width:900px) {
  .emotion-1 {
    -webkit-background-size: undefinedpx auto;
    background-size: undefinedpx auto;
  }
}

.emotion-2 {
  -webkit-flex: 1 0 100%;
  -ms-flex: 1 0 100%;
  flex: 1 0 100%;
}

<div>
  <main
    class="emotion-0"
  >
    <div
      class="MuiBox-root emotion-1"
    >
      <div
        data-testid="Nav"
      />
      <div
        class="emotion-2"
      >
        <div>
          hello world
        </div>
      </div>
      <div
        data-testid="Footer"
      />
    </div>
  </main>
</div>
`;
